mysql> INSERT INTO DEPARTMENT (Dname, Dnumber, Mgr_ssn, Mgr_start_date)
    -> VALUES ('Test', 2, '555555500', '2010-02-02');
ERROR 1046 (3D000): No database selected
mysql> use cxm1569
Reading table information for completion of table and column names
You can turn off this feature to get a quicker startup with -A

Database changed
mysql> INSERT INTO DEPARTMENT (Dname, Dnumber, Mgr_ssn, Mgr_start_date) VALUES ('Test', 2, '555555500', '2010-02-02');
Query OK, 1 row affected (0.02 sec)

mysql> INSERT INTO DEPT_LOCATIONS (Dnumber, Dlocation)
    -> VALUES (2, 'Austin');
Query OK, 1 row affected (0.02 sec)

mysql> INSERT INTO WORKS_ON (Essn, Pno, Hours)
    -> VALUES ('123456789', 61, 32.5);
ERROR 1452 (23000): Cannot add or update a child row: a foreign key constraint fails (`cxm1569`.`works_on`, CONSTRAINT `works_on_ibfk_1` FOREIGN KEY (`Essn`) REFERENCES `employee` (`Ssn`))
mysql> INSERT INTO DEPT_LOCATIONS (Dnumber, Dlocation) VALUES (9, 'Austin');
Query OK, 1 row affected (0.02 sec)

mysql> exit
